メニュー	携帯メニュー	基礎科学実験	基礎科学実験Aのポイント	基礎科学実験/基礎科学実験Aのポイント	光のスペクトル	基礎科学実験/光のスペクトル	その他	コンピュータリテラシー/その他	提出期限	新着情報	開発環境構築	Development/開発環境構築	基礎科学実験A	基礎科学実験A/基礎科学実験AAのポイント	基礎科学実験A/基礎科学実験Aのポイント	Development/開発環境構築/FireFox	Development/開発環境構築/Firefox	基礎プログラミング演習/課題/PAD/課題4	基礎プログラミング演習/課題/課題4/PAD	基礎プログラミング演習/課題/PAD/課題5	基礎プログラミング演習/課題/課題5/PAD	基礎プログラミング演習/課題/PAD/課題6	基礎プログラミング演習/課題/課題6/PAD	基礎プログラミング演習/課題/課題8/syutugen	基礎プログラミング演習/課題/課題8/count	基礎プログラミング演習/課題/課題11	基礎プログラミング演習/課題/課題11-1	基礎プログラミング演習/課題/課題11-1/tsukihi	基礎プログラミング演習/課題/課題11-1/pascal	基礎プログラミング演習/課題/課題12－2/pascal	基礎プログラミング演習/課題/課題12-2/pascal