1256272626,1254422242,2,http://192.168.11.13/wiki/,1
1255333214,1255333214,1,http://b.hatena.ne.jp/entry/utatanebiyori.uzusionet.com/wiki/,1
1256239866,1256239866,1,http://www.hoover-ooover.com/photo.html,1
1259744948,1259744948,1,http://jp.f39.mail.yahoo.co.jp/ym/ShowLetter?MsgId=6841_41342_3042_1632_41_0_6_-1_0&Idx=10&YY=53869&inc=25&order=down&sort=date&pos=0&view=a&head=b&box=Inbox,1
1259912416,1259912416,1,http://jp.f39.mail.yahoo.co.jp/ym/ShowLetter?MsgId=6841_41342_3042_1632_41_0_6_-1_0&Idx=10&YY=55550&inc=25&order=down&sort=date&pos=0&view=a&head=b&box=Inbox,1
1259948235,1259948235,1,http://jp.f39.mail.yahoo.co.jp/ym/ShowLetter?MsgId=6841_41342_3042_1632_41_0_6_-1_0&Idx=10&YY=38071&inc=25&order=down&sort=date&pos=0&view=a&head=b&box=Inbox,1
1261226223,1261226223,1,http://jp.f25.mail.yahoo.co.jp/ym/ShowLetter?MsgId=1095_882776_77292_1727_42_0_836_-1_0&Idx=5&YY=86028&inc=25&order=down&sort=date&pos=0&view=a&head=b&box=%c0%be%c6%ee,1
1264556065,1264555551,3,http://jp.f39.mail.yahoo.co.jp/ym/ShowLetter?MsgId=6841_41342_3042_1632_41_0_6_-1_0&Idx=17&YY=10251&inc=25&order=down&sort=date&pos=0&view=a&head=b&box=Inbox,1
1265285463,1265285463,1,http://jp.f39.mail.yahoo.co.jp/ym/ShowLetter?MsgId=6841_41342_3042_1632_41_0_6_-1_0&Idx=21&YY=71436&inc=25&order=down&sort=date&pos=0&view=a&head=b&box=Inbox,1
1273070267,1271579767,2,http://192.168.124.10/dev/utatanebiyori/,1
1274751981,1274751981,1,http://www.google.co.jp/search?q=%E5%A4%9CC%E3%80%80wiki&ie=utf-8&oe=utf-8&aq=t&rls=org.mozilla:en-US:official&client=firefox-a,1
1295537225,1295537225,1,http://www.google.co.jp/search?hl=ja&q=%26math&lr=lang_ja,1
1305043807,1305043807,1,http://pc.mail.goo.ne.jp/s/Show.php?returnPage=Inbox.php&page=&mailId=501096&folderId=inbox&sort=uid&order=desc,1
1307176513,1307176513,1,http://www.google.co.jp/m?guid=on&ie=Shift_JIS&q=%96%E9C+Wiki+%82%A4p,1
1308659436,1308659436,1,http://www.google.co.jp/url?sa=t&source=web&cd=2&ved=0CB8QFjAB&url=http%3A%2F%2Futatanebiyori.uzusionet.com%2Fwiki2%2F&rct=j&q=%E6%9C%9F%E6%9C%AB%E8%A9%A6%E9%A8%93%E3%80%80%E9%9F%93%E5%9B%BD%E8%AA%9E%20pdf&ei=5o4ATvfMN5CsvgOFhLH8DQ&usg=AFQjCNGMnzrP9wpCfbKoFtSMzTaKFg7Vlg,1
1308682931,1308682931,1,http://www.google.co.jp/url?sa=t&source=web&cd=3&ved=0CCYQFjAC&url=http%3A%2F%2Futatanebiyori.uzusionet.com%2Fwiki2%2F%3F%25E5%25A4%259CC%25EF%25BC%25A0wiki&rct=j&q=%E5%A4%9CC%40wiki&ei=sOoATuGVK5DWvQPlnI34DQ&usg=AFQjCNFqCEl705w6-HYGWzTJllN3geVqdg,1
1308803446,1308803446,1,http://www.google.co.jp/url?sa=t&source=web&cd=2&ved=0CCYQFjAB&url=http%3A%2F%2Futatanebiyori.uzusionet.com%2Fwiki2%2F&rct=j&q=%E5%A4%9C%EF%BD%83&ei=csECTti2GrLUiAKT48GGBQ&usg=AFQjCNGMnzrP9wpCfbKoFtSMzTaKFg7Vlg&sig2=Qtezgcd-cPCHadny8GLNJw,1
1309312900,1309312900,1,http://www.google.co.jp/m?ie=Shift_JIS&q=C+WIKI,1
1309585512,1309585512,1,http://www.google.co.jp/search?q=%E5%A4%9CC&ie=utf-8&oe=utf-8&aq=t&rls=org.mozilla:en-US:official&client=firefox-a,1
1309700352,1309700352,1,http://ezsch.ezweb.ne.jp/search/?query=%82b+Wiki&ct=0001&pd=1&sr=0000,1
1309863789,1309863789,1,http://www.google.com/m?q=%E5%A4%9Cc+&client=ms-opera-mini-android&channel=new,1
1310193818,1310193818,1,http://www.google.co.jp/search?q=%E3%81%86%EF%BD%90%E3%82%8D%E3%81%A0%E3%80%80%E3%82%88%E3%82%8BC&btnG=%E6%A4%9C%E7%B4%A2&hl=ja&client=firefox-a&hs=uW7&rls=org.mozilla%3Aen-US%3Aofficial&sa=2,1
1310544046,1310544046,1,http://www.google.com/search?client=ubuntu&channel=fs&q=%E5%A4%9Cc+wiki&ie=utf-8&oe=utf-8,1
1310746521,1310746521,1,http://www.google.co.jp/url?sa=t&source=web&cd=2&ved=0CB8QFjAB&url=http%3A%2F%2Futatanebiyori.uzusionet.com%2Fwiki2%2F&rct=j&q=%E5%A4%9CC&ei=kWcgToC6CYfkmAXig4yYAw&usg=AFQjCNGMnzrP9wpCfbKoFtSMzTaKFg7Vlg&sig2=nybnjXRiTMv8GbziOJR5Xg,1
1310789403,1310789403,1,http://www.google.co.jp/search?hl=ja&source=hp&biw=940&bih=548&q=%E5%A4%9CC%EF%BC%A0&oq=%E5%A4%9CC%EF%BC%A0&aq=f&aqi=&aql=&gs_sm=e&gs_upl=6679l17715l0l19159l11l11l1l0l0l0l217l1381l3.4.3l10,1
1310858888,1310858888,2,http://www.google.co.jp/url?sa=t&source=web&cd=20&ved=0CGgQFjAJOAo&url=http%3A%2F%2Futatanebiyori.uzusionet.com%2Fwiki2%2F&rct=j&q=%E9%9F%93%E5%9B%BD%E8%AA%9E%E3%80%80%E6%9C%9F%E6%9C%AB%E8%A9%A6%E9%A8%93&tbs=lr%3Alang_1ja&ei=eB4iToj9L4nnmAXPxr27Aw&usg=AFQjCNGMnzrP9wpCfbKoFtSMzTaKFg7Vlg,1
1311100031,1311100031,1,http://ezsch.ezweb.ne.jp/search/?query=%8A%FA%96%96%8E%8E%8C%B1++%90S%97%9D%8Aw&start-index=21&adpage=4&ct=1101&sr=0000&t=20110720032652&filter=1,1
1311683314,1311683314,1,http://www.google.co.jp/url?sa=t&source=web&cd=18&ved=0CEYQFjAHOAo&url=http%3A%2F%2Futatanebiyori.uzusionet.com%2Fwiki2%2F&rct=j&q=uec%20%E3%81%86p%E3%82%8D%E3%81%A0&ei=67IuTvqoN8_2mAXm-Lw_&usg=AFQjCNGMnzrP9wpCfbKoFtSMzTaKFg7Vlg,1
1311753978,1311753768,4,http://www.google.co.jp/url?sa=t&source=web&cd=1&ved=0CBgQFjAA&url=http%3A%2F%2Futatanebiyori.uzusionet.com%2Fwiki2%2F&rct=j&q=%E7%86%B1%E7%89%A9%E7%90%86%E5%AD%A6%E3%80%80%E3%80%80%E6%9C%9F%E6%9C%AB%E8%A9%A6%E9%A8%93%E3%80%80%E9%9B%BB%E9%80%9A%E5%A4%A7&ei=9sUvTreEO9HymAXFqZ0i&usg=AFQjCNGMnzrP9wpCfbKoFtSMzTaKFg7Vlg,1
1312003096,1312002435,2,http://www.google.co.jp/search?client=safari&rls=en&q=%E5%A4%9Cc+wiki&ie=UTF-8&oe=UTF-8&redir_esc=&ei=fpEzTr_fEOuHmQWI5ejwCg,1
1312152819,1312152656,4,http://search.yahoo.co.jp/search?p=uec+%E9%9F%93%E5%9B%BD%E8%AA%9E+%E6%9C%9F%E6%9C%AB&aq=-1&oq=&ei=UTF-8&fr=top_ga1_sa&x=wrt,1
1312523792,1312523746,2,http://www.google.co.jp/search?q=%E9%9B%BB%E9%80%9A%E5%A4%A7%E3%80%80%E3%82%B3%E3%83%B3%E3%83%94%E3%83%A5%E3%83%BC%E3%82%BF%E3%83%BC%E3%83%AA%E3%83%86%E3%83%A9%E3%82%B7%E3%83%BC%E3%80%80%E6%9C%9F%E6%9C%AB&hl=ja&client=safari&rls=en&prmd=ivns&ei=y4U7Tv-eNc_JrAeu9NyyBw&start=10&sa=N&biw=1224&bih=764,1
1312705841,1312705804,2,http://search.yahoo.co.jp/search?p=%E9%9B%BB%E9%80%9A%E5%A4%A7%E3%80%80%E9%9F%93%E5%9B%BD%E8%AA%9E%E3%80%80%E6%9C%9F%E6%9C%AB%E8%A9%A6%E9%A8%93&search.x=1&fr=top_ga1_sa&tid=top_ga1_sa&ei=UTF-8&aq=&oq=,1
1315993410,1315993410,1,http://www.google.com/m/search?q=%E5%A4%9CC&mshr=20&msbs=5&mscq=&mscm=&pbx=1&aq=&oq=%E5%A4%9CC&aqi=&fkt=1245&fsdt=17138&cqt=16208&rst=16746&htf=&his=&maction=&client=ms-android-sonyericsson&channel=bm%2F&csll=&action=&ltoken=f37a4e68,1
1316847231,1316847231,1,http://www.google.co.jp/url?sa=t&source=web&cd=25&ved=0CEAQFjAEOBQ&url=http%3A%2F%2Futatanebiyori.uzusionet.com%2Fwiki2%2F&rct=j&q=%E8%A7%A3%E6%9E%90%E5%AD%A6%E3%80%80%E6%9C%9F%E6%9C%AB%E8%A9%A6%E9%A8%93&ei=Tn59TomqHsjTmAX9y5CjBQ&usg=AFQjCNGMnzrP9wpCfbKoFtSMzTaKFg7Vlg,1
1319693833,1319693833,1,http://search.yahoo.co.jp/search?ei=UTF-8&fr=applep2&meta=vc%3D&p=%E5%A4%9Cc,1
1319788083,1319788083,1,http://search.yahoo.co.jp/search?p=%E5%A4%9Cc&ei=UTF-8&fr=applep1&pcarrier=KDDI&pmcc=440&pmnc=38,1
1320381617,1320381617,1,http://www.google.co.jp/search?q=%E5%A4%9CC&ie=UTF-8&oe=UTF-8&hl=ja&client=safari,1
1320582503,1320582503,1,http://www.google.co.jp/url?sa=t&rct=j&q=%E5%A4%9Cc&source=web&cd=2&ved=0CCIQFjAB&url=http%3A%2F%2Futatanebiyori.uzusionet.com%2Fwiki2%2F&ei=ZH22Tou2K4LSmAWBut3WAw&usg=AFQjCNGMnzrP9wpCfbKoFtSMzTaKFg7Vlg,1
1321336454,1321336454,1,http://www.google.co.jp/url?sa=t&rct=j&q=%25E5%25A4%259CCwiki&source=web&cd=3&ved=0CCoQFjAC&url=http%3A%2F%2Futatanebiyori.uzusionet.com%2Fwiki2%2F&ei=gf7BTrL6OeLwmAWn9IDHBA&usg=AFQjCNGMnzrP9wpCfbKoFtSMzTaKFg7Vlg,1
1323825630,1323825630,1,http://www.google.com/url?sa=t&rct=j&q=%E5%9F%BA%E7%A4%8E%E3%83%97%E3%83%AD%E3%82%B0%E3%83%A9%E3%83%9F%E3%83%B3%E3%82%B0%E3%80%80%E6%BC%94%E7%BF%92%20%E5%8D%98%E4%BD%8D%E3%80%80%E5%8F%96%E5%BE%97&source=web&cd=5&ved=0CDcQFjAE&url=http%3A%2F%2Futatanebiyori.uzusionet.com%2Fwiki2%2F&ei=0vnnTvvIKOyhiAeM9KTuCA&usg=AFQjCNGMnzrP9wpCfbKoFtSMzTaKFg7Vlg,1
1324224430,1324224400,2,http://search.yahoo.co.jp/search?p=%E5%A4%9CCwiki&ei=UTF-8&fr=top_ga1_sa&x=wrt&clone=1,1
1325078286,1325078286,1,http://www.google.co.jp/search?q=%E5%A4%9C%EF%BC%A3&ie=UTF-8&oe=UTF-8&hl=ja&client=safari,1
1326138234,1326138234,1,http://www.google.co.jp/url?sa=t&rct=j&q=%e5%a4%9cC&source=web&cd=2&ved=0CCUQFjAB&url=http%3A%2F%2Futatanebiyori.uzusionet.com%2Fwiki2%2F&ei=d0MLT7vYD5GuiQeetNS_CQ&usg=AFQjCNGMnzrP9wpCfbKoFtSMzTaKFg7Vlg,1
1326707992,1326707992,1,http://www.google.co.jp/url?sa=t&rct=j&q=%E5%A4%9C%EF%BD%83&source=web&cd=2&ved=0CCcQFjAB&url=http%3A%2F%2Futatanebiyori.uzusionet.com%2Fwiki2%2F&ei=FvUTT5-MMqPBiQfohoiOCg&usg=AFQjCNGMnzrP9wpCfbKoFtSMzTaKFg7Vlg&sig2=80XeDkQGu4zVXJtgLsBB6Q,1
1326711144,1326711144,1,http://www.google.co.jp/url?sa=t&rct=j&q=%E5%A4%9C%EF%BD%83&source=web&cd=2&ved=0CCgQFjAB&url=http%3A%2F%2Futatanebiyori.uzusionet.com%2Fwiki2%2F&ei=ZgEUT-v3JJObiQeuyulD&usg=AFQjCNGMnzrP9wpCfbKoFtSMzTaKFg7Vlg&sig2=PqrC9bvm7S_JVCipIRuahg,1
1326963689,1326963689,1,http://search.yahoo.co.jp/search?p=%E8%A7%A3%E6%9E%90%E5%8A%9B%E5%AD%A6+%E9%81%8E%E5%8E%BB%E5%95%8F+%E5%AE%9A%E6%9C%9F%E3%83%86%E3%82%B9%E3%83%88&aq=-1&ei=UTF-8&pstart=1&fr=top_ga1_sa&b=31,1
1328452957,1328452957,1,http://www.google.co.jp/url?sa=t&rct=j&q=%E5%A4%9C%EF%BD%83&source=web&cd=3&ved=0CDQQFjAC&url=http%3A%2F%2Futatanebiyori.uzusionet.com%2Fwiki2%2F&ei=WpUuT--hGOXMmAW99fD_Dw&usg=AFQjCNGMnzrP9wpCfbKoFtSMzTaKFg7Vlg&sig2=rGoY8NlAb5O8xoBQdAA37A,1
1328633049,1328633014,2,http://www.google.co.jp/search?q=%E9%9B%BB%E9%80%9A%E5%A4%A7+%E6%9C%9F%E6%9C%AB%E3%80%80%E7%A7%91%E5%AD%A6%E5%8F%B2&hl=ja&client=ms-android-fujitsu&gl=jp&source=android-launcher-widget&sky=mrdr&prmd=imvns&ei=hlQxT-a1OoPimAW1wsSvBQ&start=10&sa=N&biw=360&bih=615,1
1328794769,1328794769,1,http://www.google.co.jp/search?q=%E9%9B%BB%E6%B0%97%E9%80%9A%E4%BF%A1%E5%A4%A7+%E6%9C%9F%E6%9C%AB+%E9%81%8E%E5%8E%BB%E5%95%8F&hl=ja&client=ms-android-fujitsu&gl=jp&source=android-launcher-widget&sky=mrdr&prmd=imvns&ei=b8wzT6-OKdDGmQXljunzAQ&start=40&sa=N&biw=360&bih=615,1
1328948850,1328948850,1,http://www.google.co.jp/search?hl=ja&client=ms-android-sonyericsson&source=android-launcher-widget&v=133247963&q=%E5%A4%9Cc&oq=%E5%A4%9Cc&aq=f&aqi=g-rJ1g3g-rsJ1&aql=&gs_sm=3&gs_upl=1896l8767l0l10292l11l11l1l0l0l0l505l1937l3-3.1.1l6l0&mvs=0,1
1329150001,1329150001,1,http://search.yahoo.co.jp/search?fr=slv1-dyzce5&p=%E5%A4%9CC&ei=UTF-8,1
1329254641,1329254641,1,http://www.google.co.jp/search?q=%E9%9B%BB%E6%B0%97%E9%80%9A%E4%BF%A1%E5%A4%A7%E3%80%80%E6%9C%9F%E6%9C%AB%E3%80%80%E9%81%8E%E5%8E%BB%E5%95%8F&hl=ja&client=ms-android-fujitsu&gl=jp&source=android-launcher-widget&sky=mrdr&prmd=imvns&ei=Cs86T4ffOq6QiQfHlZ2RAw&start=40&sa=N&biw=360&bih=615,1
1329416503,1329416503,1,http://www.google.co.jp/url?sa=t&rct=j&q=%E5%A4%9Cc&source=web&cd=3&ved=0CDQQFjAC&url=http%3A%2F%2Futatanebiyori.uzusionet.com%2Fwiki2%2F&ei=MEk9T_zMCovDmQWCi82yBw&usg=AFQjCNGMnzrP9wpCfbKoFtSMzTaKFg7Vlg,1
1329618739,1329618739,1,http://ja.iphone.luna.tv/iphone/search.aspx?q=%e6%9c%9f%e6%9c%ab%e8%a9%a6%e9%a8%93+%e5%9f%ba%e7%a4%8e%e3%83%97%e3%83%ad%e3%82%b0%e3%83%a9%e3%83%9f%e3%83%b3%e3%82%b0%e6%bc%94%e7%bf%92+%e9%9b%bb%e9%80%9a%e5%a4%a7&d=&s=1&puid=33&ptn=c6637c1c-6237-d9f8-67a3-2af5ef3fe5c3,1
1329644314,1329644314,1,http://www.google.co.jp/url?sa=t&rct=j&q=%E5%A4%9Cc&source=web&cd=3&ved=0CDQQFjAC&url=http%3A%2F%2Futatanebiyori.uzusionet.com%2Fwiki2%2F&ei=FsNAT9aeE7GXiAfWgJW3BA&usg=AFQjCNGMnzrP9wpCfbKoFtSMzTaKFg7Vlg,1
1329644887,1329644887,1,http://www.google.co.jp/url?sa=t&rct=j&q=%E8%A7%A3%E6%9E%90%E5%AD%A6%E3%80%80%E6%9C%9F%E6%9C%AB%E3%80%80uec&source=web&cd=6&ved=0CEMQFjAF&url=http%3A%2F%2Futatanebiyori.uzusionet.com%2Fwiki2%2F&ei=u8RAT7HCHMmuiQftwf2rAw&usg=AFQjCNGMnzrP9wpCfbKoFtSMzTaKFg7Vlg,1
1344173757,1329970944,2,http://www.google.com/search,1
1330494963,1330494780,3,http://www.google.co.jp/url?sa=t&rct=j&q=uec+%E8%A7%A3%E6%9E%90%E5%AD%A6+%E9%81%8E%E5%8E%BB%E5%95%8F&source=web&cd=15&ved=0CEMQFjAEOAo&url=http%3A%2F%2Futatanebiyori.uzusionet.com%2Fwiki2%2F&ei=I71NT47iOcTmmAWumIjjDw&usg=AFQjCNGMnzrP9wpCfbKoFtSMzTaKFg7Vlg&sig2=zmn3qe8xrx24S6nOTXrXKg,1
1330885770,1330885770,1,http://www.google.co.jp/url?sa=t&rct=j&q=%E9%9B%BB%E9%80%9A%E5%A4%A7+%E5%9F%BA%E7%A4%8E%E3%83%97%E3%83%AD%E3%82%B0%E3%83%A9%E3%83%9F%E3%83%B3%E3%82%B0+%E6%9C%9F%E6%9C%AB%E8%A9%A6%E9%A8%93&source=web&cd=4&ved=0CDsQFjAD&url=http%3A%2F%2Futatanebiyori.uzusionet.com%2Fwiki2%2F&ei=f7RTT7a5CKbnmAWmpZiCCg&usg=AFQjCNGMnzrP9wpCfbKoFtSMzTaKFg7Vlg,1
1335319934,1335319934,1,http://search.yahoo.co.jp/search?p=%E5%A4%9CC&search.x=1&fr=top_ga1_sa&tid=top_ga1_sa&ei=UTF-8&aq=&oq=,1
1335322457,1335322457,1,http://search.yahoo.co.jp/search?p=%E5%A4%9CC&aq=-1&oq=&ei=UTF-8&fr=top_ga1_sa&x=wrt,1
1335425424,1335425424,1,http://www.google.co.jp/url?sa=t&rct=j&q=&esrc=s&source=web&cd=3&ved=0CDUQFjAC&url=http%3A%2F%2Futatanebiyori.uzusionet.com%2Fwiki2%2F&ei=jPmYT7z1J6XJmAXk4eCmBg&usg=AFQjCNGMnzrP9wpCfbKoFtSMzTaKFg7Vlg&sig2=dt2sv_b6fKq2E7p7X4Cxkw,1
1335938137,1335938137,1,http://www.google.co.jp/url?sa=t&rct=j&q=%E5%A4%9Cc%E3%80%80%E9%81%8E%E5%8E%BB%E5%95%8F&source=web&cd=2&ved=0CDIQFjAB&url=http%3A%2F%2Futatanebiyori.uzusionet.com%2Fwiki2%2F&ei=VMygT934AvHKmQXmr6S1CA&usg=AFQjCNGMnzrP9wpCfbKoFtSMzTaKFg7Vlg,1
1339047615,1339047615,1,http://www.google.co.jp/url?sa=t&rct=j&q=%E5%A4%9CC&source=web&cd=3&ved=0CE8QFjAC&url=http%3A%2F%2Futatanebiyori.uzusionet.com%2Fwiki2%2F&ei=uj7QT9PWJoHMmAXkyOGnDw&usg=AFQjCNGMnzrP9wpCfbKoFtSMzTaKFg7Vlg,1
1340676728,1340676712,2,http://search.yahoo.co.jp/search?p=%E5%A4%9Cc&aq=1&oq=%E7%B2%98%E6%80%A7&ei=UTF-8&fr=top_ga1_sa&x=wrt,1
1341413233,1341413233,1,http://search.yahoo.co.jp/search?fr=slv1-dyzce5&p=%E5%A4%9C%EF%BD%83&ei=UTF-8,1
1342709666,1342709628,2,http://search.yahoo.co.jp/search?p=%E3%83%97%E3%83%AD%E6%BC%94+%E6%9C%9F%E6%9C%AB%E3%80%80%E9%81%8E%E5%8E%BB%E5%95%8F&aq=-1&oq=&ei=UTF-8&fr=top_ga1_sa&x=wrt,1
1342789985,1342789985,1,http://www.google.co.jp/search?hl=ja&client=ms-android-fujitsu&source=android-launcher-widget&v=133247963&biw=360&bih=272&q=%E5%A4%9CC+&oq=%E5%A4%9CC+&gs_l=mobile-gws-serp.3..0i4i10i37j0i4i37j0l2j0i4i37.400140.415951.0.416214.16.12.1.0.0.0.969.2178.3-1j2j0j1.4.0...0.0...1ac.qdBS20sFAA0&mvs=0,1
1342962859,1342959916,2,http://www.google.co.jp/url?sa=t&rct=j&q=%E5%A4%9Cc&source=web&cd=2&ved=0CEAQFjAB&url=http%3A%2F%2Futatanebiyori.uzusionet.com%2Fwiki2%2F&ei=JvELUKbELO_3mAXMx_SJCg&usg=AFQjCNGMnzrP9wpCfbKoFtSMzTaKFg7Vlg,1
1343241959,1343241959,1,http://www.google.co.jp/search?q=%E9%9B%BB%E9%80%9A+%E6%9C%9F%E6%9C%AB+%E9%81%8E%E5%8E%BB%E5%95%8F&hl=ja&prmd=imvnsfd&ei=zD4QUM6RBoyXiAeQ-oGIDQ&start=40&sa=N&biw=360&bih=640,1
1343616212,1343616197,2,http://www.bing.com/search?q=%E9%9B%BB%E9%80%9A%E5%A4%A7%E3%80%80%E6%9C%9F%E6%9C%AB%E8%A9%A6%E9%A8%93&FORM=JPTOPX&mkt=ja-jp&qs=n&sk=,1
1344159172,1344159172,1,http://www.google.co.jp/url?sa=t&rct=j&q=%E5%A4%9C%EF%BD%83&source=web&cd=3&ved=0CFEQFjAC&url=http%3A%2F%2Futatanebiyori.uzusionet.com%2Fwiki2%2F&ei=wD0eUKMn5Z2IB52RgJAJ&usg=AFQjCNGMnzrP9wpCfbKoFtSMzTaKFg7Vlg,1
1344173765,1344173765,1,http://www.google.co.jp/url?sa=t&rct=j&q=uec%20%E9%9F%93%E5%9B%BD%E8%AA%9E%E3%80%80%E6%9C%9F%E6%9C%AB&source=web&cd=6&ved=0CFUQFjAF&url=http%3A%2F%2Futatanebiyori.uzusionet.com%2Fwiki2%2F%3F%25E5%25A4%259CC%25EF%25BC%25A0wiki&ei=pnYeUIzKKfCziQfZ14GgBQ&usg=AFQjCNFqCEl705w6-HYGWzTJllN3geVqdg,1
1344405295,1344405295,1,http://www.google.co.jp/search?nomo=1&hl=ja&source=hp&biw=833&bih=513&q=%E5%A4%9CC%40%E3%81%86%E3%81%83%E3%81%8D&gbv=2&oq=%E5%A4%9CC%40%E3%81%86%E3%81%83%E3%81%8D&gs_l=hp.3...4544826.4556850.1.4558171.20.16.0.4.0.0.1102.4769.3-2j3j3j0j1.9.0...0.0...1ac.TsXh_DGaQls,1
1351615339,1351615339,1,http://www.google.co.jp/url?sa=t&rct=j&q=&esrc=s&source=web&cd=2&ved=0CCcQFjAB&url=http%3A%2F%2Futatanebiyori.uzusionet.com%2Fwiki2%2F&ei=XwOQULu4GKORige8uIGIBA&usg=AFQjCNGMnzrP9wpCfbKoFtSMzTaKFg7Vlg,1
1351794882,1351794882,1,http://www.google.co.jp/url?sa=t&rct=j&q=&esrc=s&source=web&cd=33&ved=0CDAQFjACOB4&url=http%3A%2F%2Futatanebiyori.uzusionet.com%2Fwiki2%2F&ei=mMCSUPbEL-fKmgXPqIHYBg&usg=AFQjCNGMnzrP9wpCfbKoFtSMzTaKFg7Vlg&sig2=G2Fuqx8dqMqKYjF5_JFBxA,1
1352113952,1352113882,2,http://www.google.co.jp/url?sa=t&rct=j&q=%E5%A4%9CC&source=web&cd=3&ved=0CC4QFjAC&url=http%3A%2F%2Futatanebiyori.uzusionet.com%2Fwiki2%2F&ei=156XUP32BIXnmAXe14DgAg&usg=AFQjCNGMnzrP9wpCfbKoFtSMzTaKFg7Vlg,1
1352359467,1352359467,1,http://www.google.co.jp/url?sa=t&rct=j&q=&esrc=s&source=web&cd=3&ved=0CDAQFjAC&url=http%3A%2F%2Futatanebiyori.uzusionet.com%2Fwiki2%2F&ei=J16bUKi0DqrMmAW3-4GwDg&usg=AFQjCNGMnzrP9wpCfbKoFtSMzTaKFg7Vlg&sig2=ji_JMHNr5B5d0uIVMzPOsg,1
1352907964,1352907964,1,http://www.google.co.jp/url?sa=t&rct=j&q=uec%20%E8%A7%A3%E6%9E%90%E5%AD%A6%E3%80%80%E9%81%8E%E5%8E%BB%E5%95%8F&source=web&cd=5&ved=0CDcQFjAE&url=http%3A%2F%2Futatanebiyori.uzusionet.com%2Fwiki2%2F&ei=hbyjULDRA8mQiQfeuoG4BQ&usg=AFQjCNGMnzrP9wpCfbKoFtSMzTaKFg7Vlg,1
1354501375,1354501375,1,http://www.google.co.jp/url?sa=t&rct=j&q=%E5%9F%BA%E7%A4%8E%E3%83%97%E3%83%AD%E3%82%B0%E3%83%A9%E3%83%9F%E3%83%B3%E3%82%B0%20%E5%A4%9Cc&source=web&cd=3&ved=0CDgQFjAC&url=http%3A%2F%2Futatanebiyori.uzusionet.com%2Fwiki2%2F&ei=-Qy8UM6eJZGZmQWKlYHYDw&usg=AFQjCNGMnzrP9wpCfbKoFtSMzTaKFg7Vlg,1
1354524271,1354524271,1,http://www.google.co.jp/search?hl=ja&redir_esc=&client=ms-android-fujitsu&source=android-launcher-widget&v=133247963&qsubts=1354524261220&q=%E5%A4%9Cc&v=133247963,1
1354526645,1354526645,1,http://www.google.co.jp/search?hl=ja&client=ms-android-fujitsu&source=android-launcher-widget&v=133247963&q=%E5%A4%9Cc&oq=%E5%A4%9C&gs_l=mobile-gws-serp.1.0.41j0l4.34751.38275.0.40843.12.10.0.0.0.0.450.1287.2-1j2j1.4.0...0.0...1ac.1.h3CUM8ZjqOg,1
1354714051,1354714051,1,http://www.google.co.jp/search?hl=ja&tbo=d&q=%E9%9B%BB%E6%B0%97%E9%80%9A%E4%BF%A1%E5%A4%A7+%E8%A7%A3%E6%9E%90%E5%AD%A6++%E9%81%8E%E5%8E%BB%E5%95%8F&oq=%E9%9B%BB%E6%B0%97%E9%80%9A%E4%BF%A1%E5%A4%A7+%E8%A7%A3%E6%9E%90%E5%AD%A6++%E9%81%8E%E5%8E%BB%E5%95%8F&gs_l=mobile-gws-serp.3...9883.16765.0.17122.12.12.0.0.0.0.240.1793.0j10j2.12.0...0.0...1ac.1.HKoZpWwrx7g,1
1362346713,1355985316,6,https://www.google.co.jp/,1
1357700003,1357699891,4,http://search.yahoo.co.jp/search?p=%E9%9B%BB%E9%80%9A%E5%A4%A7%E3%80%80%E8%A7%A3%E6%9E%90%E5%AD%A6%E3%80%80%E6%9C%9F%E6%9C%AB%E3%83%86%E3%82%B9%E3%83%88&search.x=1&fr=top_ga1_sa&tid=top_ga1_sa&ei=UTF-8&aq=&oq=,1
1360390324,1360390324,1,http://www.google.co.jp/url?sa=t&rct=j&q=&esrc=s&source=web&cd=17&ved=0CFAQFjAGOAo&url=http%3A%2F%2Futatanebiyori.uzusionet.com%2Fwiki2%2F&ei=q-gVUbewHcXwkAXJt4HYAw&usg=AFQjCNGMnzrP9wpCfbKoFtSMzTaKFg7Vlg&bvm=bv.42080656,d.dGI,1
1360390462,1360390462,1,http://www.google.co.jp/url?sa=t&rct=j&q=&esrc=s&source=web&cd=2&ved=0CDIQFjAB&url=http%3A%2F%2Futatanebiyori.uzusionet.com%2Fwiki2%2F&ei=B-kVUf2MBdDZkgXfqoDQCw&usg=AFQjCNGMnzrP9wpCfbKoFtSMzTaKFg7Vlg&bvm=bv.42080656,d.dGI,1
1360575656,1360575656,1,http://www.google.co.jp/url?sa=t&rct=j&q=%E5%9F%BA%E7%A4%8E%E3%83%97%E3%83%AD%E3%82%B0%E3%83%A9%E3%83%9F%E3%83%B3%E3%82%B0%E3%81%8A%E3%82%88%E3%81%B3%E6%BC%94%E7%BF%92%20%E9%81%8E%E5%8E%BB%E5%95%8F%E3%80%80uec&source=web&cd=3&ved=0CDcQFjAC&url=http%3A%2F%2Futatanebiyori.uzusionet.com%2Fwiki2%2F&ei=crwYUeDvC8ynkAXLsYGwCQ&usg=AFQjCNGMnzrP9wpCfbKoFtSMzTaKFg7Vlg,1
1360691477,1360691427,2,http://search.yahoo.co.jp/search?p=uec+%E9%81%8E%E5%8E%BB%E5%95%8F+%E6%96%87%E5%AD%A6%EF%BC%A2&ei=UTF-8&pstart=1&fr=top_ga1_sa&b=11,1
1360777804,1360777719,2,http://search.yahoo.co.jp/search?p=%E5%9F%BA%E7%A4%8E%E3%83%97%E3%83%AD%E6%9C%9F%E6%9C%AB+uec&ei=UTF-8&fr=top_ga1_sa&x=wrt,1
1360839421,1360839421,1,http://www.google.co.jp/url?sa=t&rct=j&q=uec%20%E8%A7%A3%E6%9E%90%E5%AD%A6%20%E9%81%8E%E5%8E%BB%E5%95%8F&source=web&cd=5&ved=0CEkQFjAE&url=http%3A%2F%2Futatanebiyori.uzusionet.com%2Fwiki2%2F&ei=UMIcUfLCL8mKmwWG0IGIBA&usg=AFQjCNGMnzrP9wpCfbKoFtSMzTaKFg7Vlg,1
1360856272,1360856272,1,http://www.google.co.jp/url?sa=t&rct=j&q=uec%20%E8%A7%A3%E6%9E%90%E5%AD%A6%20%E9%81%8E%E5%8E%BB%E5%95%8F&source=web&cd=5&ved=0CEkQFjAE&url=http%3A%2F%2Futatanebiyori.uzusionet.com%2Fwiki2%2F&ei=rAIdUYuYOuygmQXGhoH4Dg&usg=AFQjCNGMnzrP9wpCfbKoFtSMzTaKFg7Vlg,1
1361105939,1361105939,1,http://www.google.co.jp/url?sa=t&rct=j&q=uec%20%E8%A7%A3%E6%9E%90%E5%AD%A6%20%E9%81%8E%E5%8E%BB%E5%95%8F&source=web&cd=5&ved=0CEkQFjAE&url=http%3A%2F%2Futatanebiyori.uzusionet.com%2Fwiki2%2F&ei=Ms4gUau7CcLwkAXCyYC4DQ&usg=AFQjCNGMnzrP9wpCfbKoFtSMzTaKFg7Vlg,1
