1276405947,1276405947,1,http://www.google.co.jp/search?q=rblace+%7B&hl=ja&client=firefox-a&hs=R8f&rls=org.mozilla:ja:official&lr=lang_ja&sa=X&ei=s2gUTLSHOpGgkQXC7PX8Cw&ved=0CBMQuAE,1
1339637887,1339637887,1,http://www.google.co.jp/url?sa=t&rct=j&q=&esrc=s&source=web&cd=1&ved=0CGUQFjAA&url=http%3A%2F%2Futatanebiyori.uzusionet.com%2Fwiki2%2F%3F%25E6%2595%25B0%25E5%25BC%258F&ei=eEDZT972FMLZrQe2gozpBg&usg=AFQjCNH7Sv_ePK_hZMz2p4bJxEb_994a4g&sig2=1owQB2GuI3FUTZKkM0aU9g,1
1340567710,1340567710,1,http://search.yahoo.co.jp/search?p=%7Bdoubleright%7D&ei=UTF-8&pstart=1&fr=slv1-tbtop&b=11,1
